[INFO] 2026-03-08 10:20:01 System health check: CPU 2%, RAM 14%. OK.
[INFO] 2026-03-08 10:20:05 Network heartbeat stable. Latency 12ms.
[INFO] 2026-03-08 10:20:10 User 'svc_monitor' authenticated via internal token.
[INFO] 2026-03-08 10:20:15 Automated backup for 'User_Prefs' completed.
[INFO] 2026-03-08 10:20:20 SSL certificate check: 124 days remaining.
[INFO] 2026-03-08 10:20:25 Cache hit ratio: 94.2%.
[INFO] 2026-03-08 10:20:30 Routine kernel audit: No violations.
[FATAL] 2026-03-08 10:20:35 Unauthorized root access detected via SSH exploit!
[INFO] 2026-03-08 10:20:40 Emergency firewall rule applied to IP 104.21.4.1.
[INFO] 2026-03-08 10:20:45 Session terminated for user 'root_temp'.
[INFO] 2026-03-08 10:20:50 System baseline restored. Idle mode.
[INFO] 2026-03-08 10:20:55 Background telemetry sync successful.
[INFO] 2026-03-08 10:21:00 NTP sync with stratum-1 server complete.
[INFO] 2026-03-08 10:21:05 Disk I/O: 45MB/s. Status: Nominal.
[INFO] 2026-03-08 10:21:10 Log rotation started for 'access.log'.
[INFO] 2026-03-08 10:21:15 API Gateway: 0 timeouts in last 60s.
[INFO] 2026-03-08 10:21:20 Internal DNS resolution: 0.2ms.
[INFO] 2026-03-08 10:21:25 Garbage collection: 120ms pause time.
[INFO] 2026-03-08 10:21:30 Entropy pool: 4096 bits (Healthy).
[CRITICAL] 2026-03-08 10:21:35 SQL Injection attempt on /api/v2/login/auth.
[INFO] 2026-03-08 10:21:40 Request dropped. WAF blocking enabled.
[INFO] 2026-03-08 10:21:45 Monitoring 'DB_CLUSTER_A' for latency spikes.
[INFO] 2026-03-08 10:21:50 All shards reporting healthy status.
[INFO] 2026-03-08 10:21:55 Thermal check: All cores 45°C.
[INFO] 2026-03-08 10:22:00 User 'j_doe' updated dashboard view.
[INFO] 2026-03-08 10:22:05 Message queue 'vox_tasks' size: 0.
[INFO] 2026-03-08 10:22:10 Load balancer: 50/50 traffic split.
[INFO] 2026-03-08 10:22:15 Scheduled task 'Daily_Report' triggered.
[INFO] 2026-03-08 10:22:20 Reporting engine: Rendering 12 charts.
[INFO] 2026-03-08 10:22:25 Memory pressure: 12% (Stable).
[INFO] 2026-03-08 10:22:30 UPS status: Line Power, Battery 100%.
[INFO] 2026-03-08 10:22:35 Environment variables verified.
[SECURITY] 2026-03-08 10:22:40 Mass file deletion detected in /home/shared/finance.
[INFO] 2026-03-08 10:22:45 Account 'b_smith' locked for investigation.
[INFO] 2026-03-08 10:22:50 Read-only mode enabled for restricted folders.
[INFO] 2026-03-08 10:22:55 Snapshotting 'Finance_Vol' for recovery.
[INFO] 2026-03-08 10:23:00 Service 'vox_ai' responding in 8ms.
[INFO] 2026-03-08 10:23:05 Patch 'KB771' applied to dev environment.
[INFO] 2026-03-08 10:23:10 Port 443 active. Incoming connections: 12.
[INFO] 2026-03-08 10:23:15 Port 80 redirected to 443.
[INFO] 2026-03-08 10:23:20 Firewall: 0 packets dropped in last 5s.
[INFO] 2026-03-08 10:23:25 Proxy server warm. Cache size: 4GB.
[INFO] 2026-03-08 10:23:30 No pending security alerts.
[INFO] 2026-03-08 10:23:35 User session '0xAF1' kept alive.
[INFO] 2026-03-08 10:23:40 Connection to 'Region_B' active.
[INFO] 2026-03-08 10:23:45 Background defrag: 12% complete.
[INFO] 2026-03-08 10:23:50 Disk sector scan: 0 errors found.
[INFO] 2026-03-08 10:23:55 Primary power: Nominal. 240V / 60Hz.
[FATAL] 2026-03-08 10:24:00 Database 'PROD_MASTER' unreachable. Heartbeat lost.
[INFO] 2026-03-08 10:24:05 Failover to 'PROD_SLAVE' initiated.
[INFO] 2026-03-08 10:24:10 Re-routing application traffic to Slave DB.
[INFO] 2026-03-08 10:24:15 Slave DB status: Synchronized. Online.
[INFO] 2026-03-08 10:24:20 Attempting restart of Primary DB instance.
[INFO] 2026-03-08 10:24:25 Log integrity verified.
[INFO] 2026-03-08 10:24:30 System status changed to 'Maintenance Mode'.
[INFO] 2026-03-08 10:24:35 Cluster sync: 100% complete.
[INFO] 2026-03-08 10:24:40 VPN Tunnel 'HQ_to_London' active.
[INFO] 2026-03-08 10:24:45 No latency on backbone interface.
[INFO] 2026-03-08 10:24:50 System heartbeat pulse detected. OK.
[INFO] 2026-03-08 10:24:55 Monitoring active. Dashboard updated.